// Jest Snapshot v1, https://goo.gl/fbAQLP

exports[`planets listAvailableDestinations(date: number) should match snapshot 1`] = `
Array [
  Object {
    "availability": 6,
    "data": "2022-11-06",
    "destination": "CUS",
    "origin": "NAB",
    "price": 249.55,
  },
  Object {
    "availability": 5,
    "data": "2022-11-06",
    "destination": "HOH",
    "origin": "NAB",
    "price": 425.68,
  },
  Object {
    "availability": 8,
    "data": "2022-11-06",
    "destination": "HOH",
    "origin": "TAT",
    "price": 159.78,
  },
  Object {
    "availability": 4,
    "data": "2022-11-06",
    "destination": "NAB",
    "origin": "CUS",
    "price": 316.47,
  },
  Object {
    "availability": 6,
    "data": "2022-11-06",
    "destination": "NAB",
    "origin": "HOH",
    "price": 469.6,
  },
  Object {
    "availability": 7,
    "data": "2022-11-06",
    "destination": "TAT",
    "origin": "HOH",
    "price": 321.23,
  },
]
`;
